[helping.ca/index.html]
[helping.ca/wp-content/litespeed/css/2605fd8fb5b9bb94d517799c2b13e6b326f2.css]
[helping.ca/xmlrpc.1.delayed]
[backblue.gif]
[fade.gif]
[index.html]
[helping.ca/wp-includes/js/jquery/jquery.mina7a0.js]
[helping.ca/wp-content/litespeed/js/7aabf7417d6a07d0cc16a7e93882e8473278.js]
[helping.ca/feed/index.html]
[helping.ca/wp-content/litespeed/js/a55caff7f9b627346d8582b1d888f1206e82.js]
[helping.ca/comments/feed/index.html]
[helping.ca/wp-json/wp/v2/pages/41.json]
[helping.ca/wp-json/index.html]
[helping.ca/xmlrpc0db0.php]
[helping.ca/wp-includes/wlwmanifest.xml]
[helping.ca/wp-json/oembed/1.0/embed86ec.json]
[helping.ca/wp-json/oembed/1.0/embed9ccb]
[helping.ca/wp-content/uploads/2019/10/cropped-Helping-Hands-logo-resized-32x32.jpg]
[helping.ca/wp-content/uploads/2019/10/cropped-Helping-Hands-logo-resized-192x192.jpg]
[helping.ca/wp-content/uploads/2019/10/cropped-Helping-Hands-logo-resized-180x180.jpg]
[helping.ca/wp-content/uploads/2019/06/Helping-Hands-logo-resized.jpg]
[helping.ca/wp-content/uploads/2022/03/FINAL-Colour-2022-Helping-Hands-Care-Group-Price-List.pdf]
[helping.ca/wp-content/uploads/2019/11/Bridging-Services-Request-August-2019.pdf]
[helping.ca/our-history/index.html]
[helping.ca/wp-content/uploads/2019/11/HH-CH-and-BR-Brochure-August-18-2019.pdf]
[helping.ca/partners/index.html]
[helping.ca/common-spaces/index.html]
[helping.ca/wp-content/uploads/2019/06/regina-footer.jpg]
[helping.ca/wp-content/uploads/2019/06/grenfell-footer.jpg]
[helping.ca/outdoors-spaces/index.html]
[helping.ca/owneroperator/index.html]
[helping.ca/meals/index.html]
[alzheimer.ca/sites/default/files/images/logos/wordmark_sk_en.13.delayed]
[helping.ca/recreation/index.html]
[helping.ca/wp-content/plugins/divi-booster/core/icons/socicon/fonts/Socicon397f.woff2]
[helping.ca/medical-care/index.html]
[helping.ca/palliative-care/index.html]
[helping.ca/wp-content/plugins/divi-booster/core/icons/socicon/fonts/Socicon397f.eot]
[helping.ca/personal-effects/index.html]
[helping.ca/wp-content/plugins/divi-booster/core/icons/socicon/fonts/Socicon397f.ttf]
[helping.ca/hygiene/index.html]
[helping.ca/visitation/index.html]
[helping.ca/wp-content/plugins/divi-booster/core/icons/socicon/fonts/Socicon397f.woff]
[helping.ca/safetysecurity/index.html]
[helping.ca/personalized-services/index.html]
[helping.ca/bridging-program/index.html]
[helping.ca/wp-content/plugins/divi-booster/core/icons/socicon/fonts/Socicon397f.svg]
[helping.ca/how-we-can-help/index.html]
[helping.ca/client-security/index.html]
[helping.ca/accessibility/index.html]
[helping.ca/wp-content/litespeed/js/6ad9fe4ef1f4dc74f2dafbedb10793bd70d1.js]
[helping.ca/wp-content/litespeed/js/9caaf77200762196e95f2da7c66009b481b5.js]
[helping.ca/access-bridging-program/index.html]
[helping.ca/our-prices/index.html]
[helping.ca/wp-content/litespeed/js/51bee3f853d4a2053958b99644ca8534c569.js]
[helping.ca/contact-us/index.html]
[helping.ca/services/index.html]
[helping.ca/wp-content/uploads/2019/06/slider.jpg]
[helping.ca/index.html]
[helping.ca/wp-content/themes/Divi/core/admin/fonts/modules.eot]
[helping.ca/wp-content/themes/Divi/core/admin/fonts/modules.ttf]
[helping.ca/wp-content/themes/Divi/core/admin/fonts/modules.woff]
[helping.ca/wp-content/themes/Divi/core/admin/fonts/modulesd41d.eot]
[helping.ca/wp-content/themes/Divi/includes/builder/styles/images/subscribe-loader.gif]
[helping.ca/wp-content/themes/Divi/core/admin/fonts/modules.svg]
[helping.ca/wp-content/themes/Divi/includes/builder/styles/images/preloader.gif]
[helping.ca/wp-content/themes/Divi/epanel/shortcodes/images/shortcodes-sprite.png]
[helping.ca/wp-includes/fonts/dashicons7d4b.eot]
[helping.ca/wp-includes/fonts/dashicons7d4b.ttf]
[helping.ca/wp-content/plugins/divi-booster/core/icons/divi-booster-icons/icomoon/fonts/divi-booster-icons14b5.eot]
[helping.ca/wp-content/plugins/divi-booster/core/icons/divi-booster-icons/icomoon/fonts/divi-booster-icons14b5.ttf]
[helping.ca/wp-content/plugins/divi-booster/core/icons/divi-booster-icons/icomoon/fonts/divi-booster-icons14b5.woff]
[helping.ca/wp-content/plugins/divi-booster/core/icons/divi-booster-icons/icomoon/fonts/divi-booster-icons14b5.svg]
[helping.ca/wp-content/litespeed/css/2605fd8fb5b9bb94d517799c2b13e6b326f2.css]
[helping.ca/xmlrpc.php]
[helping.ca/wp-json/wp/v2/pages/63.json]
[helping.ca/wp-json/oembed/1.0/embedf0f6.json]
[helping.ca/wp-json/oembed/1.0/embed3fa0]
[helping.ca/wp-content/uploads/2017/04/Swallows-pic-295x300.jpg]
[helping.ca/our-history/index.html]
[helping.ca/wp-json/wp/v2/pages/341.json]
[helping.ca/wp-json/oembed/1.0/embedf29a.json]
[helping.ca/wp-json/oembed/1.0/embed67a2]
[helping.ca/wp-content/uploads/2017/05/Heather-Pic-IMG_1877WebRes-200x300.jpg]
[helping.ca/owneroperator/index.html]
[helping.ca/wp-content/litespeed/css/8c7655261717b4cc1c7632b04c66e23c26f2.css]
[helping.ca/wp-json/wp/v2/pages/71.json]
[helping.ca/wp-json/oembed/1.0/embed4bf4.json]
[helping.ca/wp-json/oembed/1.0/embed0648]
[helping.ca/wp-content/uploads/2016/12/silverts.png]
[helping.ca/wp-content/uploads/2016/12/regina-aquarium.jpg]
[helping.ca/wp-content/uploads/2016/12/independent-living.jpg]
[helping.ca/wp-content/uploads/2019/06/AlzheimerSocietyOfSask.jpg]
[helping.ca/wp-content/uploads/2019/06/phm.gif]
[helping.ca/wp-content/uploads/2016/12/caregiver.gif]
[helping.ca/wp-content/uploads/2016/12/hostpice.jpg]
[helping.ca/partners/index.html]
[helping.ca/wp-json/wp/v2/pages/335.json]
[helping.ca/wp-json/oembed/1.0/embed993c.json]
[helping.ca/wp-json/oembed/1.0/embedc0aa]
[helping.ca/wp-content/uploads/2017/05/frontcommonarea.jpg]
[helping.ca/wp-content/uploads/2019/06/20180804_102725-2018_09_22-04_33_39-UTC.jpg]
[helping.ca/wp-content/uploads/2019/06/20180422_121156-2018_09_22-04_33_39-UTC.jpg]
[helping.ca/wp-content/uploads/2019/06/IMG_3051.jpg]
[helping.ca/wp-content/uploads/2017/05/kitchen.jpg]
[helping.ca/wp-content/uploads/2019/06/20180804_113515-2018_09_22-04_33_39-UTC.jpg]
[helping.ca/wp-content/uploads/2019/06/20190503_144006.jpg]
[helping.ca/wp-content/uploads/2019/06/download-2.jpg]
[helping.ca/wp-content/uploads/2019/06/20180627_072256.jpg]
[helping.ca/wp-content/uploads/2017/05/Room10.jpg]
[helping.ca/wp-content/uploads/2019/06/20190319_124224.jpg]
[helping.ca/wp-content/uploads/2019/06/20190319_125057.jpg]
[helping.ca/wp-content/uploads/2019/06/20180813_081210-2-2018_09_22-04_33_39-UTC.jpg]
[helping.ca/wp-content/uploads/2019/06/download-9.jpg]
[helping.ca/common-spaces/index.html]
[helping.ca/wp-json/wp/v2/pages/338.json]
[helping.ca/wp-json/oembed/1.0/embed0120.json]
[helping.ca/wp-json/oembed/1.0/embedc2d9]
[helping.ca/wp-content/uploads/2019/06/porch.jpg]
[helping.ca/wp-content/uploads/2019/06/porch-400x284.jpg]
[helping.ca/wp-content/uploads/2017/05/back-yard-5.jpg]
[helping.ca/wp-content/uploads/2017/05/back-yard-5-400x284.jpg]
[helping.ca/wp-content/uploads/2019/06/front-sitting-area.jpg]
[helping.ca/wp-content/uploads/2019/06/front-sitting-area-400x284.jpg]
[helping.ca/wp-content/uploads/2019/06/porch2.jpg]
[helping.ca/wp-content/uploads/2019/06/porch2-400x284.jpg]
[helping.ca/outdoors-spaces/index.html]
[helping.ca/wp-json/wp/v2/pages/85.json]
[helping.ca/wp-json/oembed/1.0/embed67b9.json]
[helping.ca/wp-json/oembed/1.0/embedb9bf]
[helping.ca/wp-content/uploads/2019/06/20190503_144006-400x284.jpg]
[helping.ca/wp-content/uploads/2019/06/tea-service-2.jpg]
[helping.ca/wp-content/uploads/2019/06/tea-service-2-400x284.jpg]
[helping.ca/wp-content/uploads/2019/06/1494618619-steve-giralt-critter-crudites-0617-2018_09_22-04_33_39-UTC-2.jpg]
[helping.ca/wp-content/uploads/2019/06/1494618619-steve-giralt-critter-crudites-0617-2018_09_22-04_33_39-UTC-2-400x284.jpg]
[helping.ca/wp-content/uploads/2019/06/download-10-2018_09_22-04_33_39-UTC.jpg]
[helping.ca/wp-content/uploads/2019/06/download-10-2018_09_22-04_33_39-UTC-400x284.jpg]
[helping.ca/meals/index.html]
[helping.ca/wp-json/wp/v2/pages/94.json]
[helping.ca/wp-json/oembed/1.0/embed2f75.json]
[helping.ca/wp-json/oembed/1.0/embed36ec]
[helping.ca/wp-content/uploads/2017/05/Galaxy-483.jpg]
[helping.ca/wp-content/uploads/2017/05/Galaxy-483-400x284.jpg]
[helping.ca/wp-content/uploads/2017/05/wrappedGifts.jpg]
[helping.ca/wp-content/uploads/2017/05/wrappedGifts-400x284.jpg]
[helping.ca/wp-content/uploads/2017/05/residentPic2.jpg]
[helping.ca/wp-content/uploads/2017/05/residentPic2-400x284.jpg]
[helping.ca/wp-content/uploads/2019/06/golf-cart-for-parade.jpg]
[helping.ca/wp-content/uploads/2019/06/golf-cart-for-parade-400x284.jpg]
[helping.ca/recreation/index.html]
[helping.ca/wp-json/wp/v2/pages/105.json]
[helping.ca/wp-json/oembed/1.0/embed5596.json]
[helping.ca/wp-json/oembed/1.0/embed2d92]
[helping.ca/wp-content/uploads/2016/12/doctor.jpg]
[helping.ca/medical-care/index.html]
[helping.ca/wp-json/wp/v2/pages/111.json]
[helping.ca/wp-json/oembed/1.0/embed0f8b.json]
[helping.ca/wp-json/oembed/1.0/embed1b9d]
[helping.ca/wp-content/uploads/2019/06/palliative-pic-e1560870412954.jpg]
[helping.ca/palliative-care/index.html]
[helping.ca/wp-json/wp/v2/pages/123.json]
[helping.ca/wp-json/oembed/1.0/embedbd0f.json]
[helping.ca/wp-json/oembed/1.0/embed8d8d]
[helping.ca/personal-effects/index.html]
[helping.ca/wp-json/wp/v2/pages/114.json]
[helping.ca/wp-json/oembed/1.0/embed5209.json]
[helping.ca/wp-json/oembed/1.0/embed351a]
[helping.ca/wp-content/uploads/2019/06/sink.jpg]
[helping.ca/hygiene/index.html]
[helping.ca/wp-json/wp/v2/pages/128.json]
[helping.ca/wp-json/oembed/1.0/embedeb84.json]
[helping.ca/wp-json/oembed/1.0/embed20b6]
[helping.ca/safetysecurity/index.html]
[helping.ca/wp-json/wp/v2/pages/120.json]
[helping.ca/wp-json/oembed/1.0/embeda18e.json]
[helping.ca/wp-json/oembed/1.0/embede5d6]
[helping.ca/wp-content/uploads/2019/06/Depositphotos_11888831_xl-2015.jpg]
[helping.ca/wp-content/uploads/2019/06/Depositphotos_11888831_xl-2015-400x284.jpg]
[helping.ca/wp-content/uploads/2019/06/Depositphotos_176569508_l-2015-1.jpg]
[helping.ca/wp-content/uploads/2019/06/Depositphotos_176569508_l-2015-1-400x284.jpg]
[helping.ca/wp-content/uploads/2019/06/Depositphotos_11337173_xs-1.jpg]
[helping.ca/wp-content/uploads/2017/05/tea-party.jpg]
[helping.ca/wp-content/uploads/2017/05/tea-party-400x284.jpg]
[helping.ca/visitation/index.html]
[helping.ca/wp-json/wp/v2/pages/168.json]
[helping.ca/wp-json/oembed/1.0/embedc690.json]
[helping.ca/wp-json/oembed/1.0/embed62c0]
[helping.ca/wp-content/uploads/2019/06/download-8.jpg]
[helping.ca/accessibility/index.html]
[helping.ca/wp-json/wp/v2/pages/233.json]
[helping.ca/wp-json/oembed/1.0/embed14c3.json]
[helping.ca/wp-json/oembed/1.0/embed27d1]
[helping.ca/wp-content/uploads/2016/12/ckt0ojl9vmi-jd-mason.jpg]
[helping.ca/bridging-program/index.html]
[helping.ca/wp-json/wp/v2/pages/242.json]
[helping.ca/wp-json/oembed/1.0/embedea6c.json]
[helping.ca/wp-json/oembed/1.0/embed791e]
[helping.ca/personalized-services/index.html]
[helping.ca/wp-json/wp/v2/pages/246.json]
[helping.ca/wp-json/oembed/1.0/embed4f3a.json]
[helping.ca/wp-json/oembed/1.0/embeda143]
[helping.ca/wp-content/uploads/2016/12/helping4.jpg]
[helping.ca/how-we-can-help/index.html]
[helping.ca/wp-json/wp/v2/pages/256.json]
[helping.ca/wp-json/oembed/1.0/embed72cd.json]
[helping.ca/wp-json/oembed/1.0/embedfd97]
[helping.ca/wp-content/uploads/2016/12/helping5.jpg]
[helping.ca/client-security/index.html]
[helping.ca/wp-json/wp/v2/pages/261.json]
[helping.ca/wp-json/oembed/1.0/embed3829.json]
[helping.ca/wp-json/oembed/1.0/embedb934]
[helping.ca/wp-content/uploads/2016/12/meeting.jpg]
[helping.ca/access-bridging-program/index.html]
[helping.ca/wp-json/wp/v2/pages/252.json]
[helping.ca/wp-json/oembed/1.0/embed0b6b.json]
[helping.ca/wp-json/oembed/1.0/embed7469]
[helping.ca/our-prices/index.html]
[helping.ca/wp-json/wp/v2/pages/224.json]
[helping.ca/wp-json/oembed/1.0/embed5c88.json]
[helping.ca/contact-us/index.html]
[helping.ca/wp-json/oembed/1.0/embed864a]
[helping.ca/wp-json/wp/v2/pages/82.json]
[helping.ca/wp-json/oembed/1.0/embed7dc6.json]
[helping.ca/services/index.html]
[alzheimer.ca/sites/default/files/images/logos/wordmark_sk_en.html]
[helping.ca/wp-json/oembed/1.0/embed3ddf]
[helping.ca/wp-content/plugins/divi-booster/core/icons/socicon/fonts/Socicon397f.svg]
[helping.ca/wp-content/themes/Divi/core/admin/fonts/modules.svg]
[helping.ca/wp-content/plugins/divi-booster/core/icons/divi-booster-icons/icomoon/fonts/divi-booster-icons14b5.svg]
[helping.ca/index2cce.html]
[helping.ca/index47c4.html]
[helping.ca/wp-content/litespeed/css/8c7655261717b4cc1c7632b04c66e23c26f2.css]
[helping.ca/index6cf3.html]
[helping.ca/index5294.html]
[helping.ca/indexbcd6.html]
[helping.ca/index648c.html]
[helping.ca/index65d2.html]
[helping.ca/indexea0f.html]
[helping.ca/indexbbbb.html]
[helping.ca/indexb8c4.html]
[helping.ca/index30a5.html]
[helping.ca/index913e.html]
[helping.ca/index2c90.html]
[helping.ca/indexada0.html]
[helping.ca/index85b0.html]
[helping.ca/indexa8b8.html]
[helping.ca/index88a0.html]
[helping.ca/index03bd.html]
[helping.ca/indexd89d.html]
[helping.ca/indexa943.html]
[helping.ca/indexc902.html]
[helping.ca/index287b.html]
